// Jest Snapshot v1, https://goo.gl/fbAQLP

exports[`Header renders correctly 1`] = `
.c1 {
  position: relative;
  width: 2.75rem;
  height: 2.75rem;
  background-color: transparent;
  border-radius: 50%;
  overflow: hidden;
  padding: 0;
  border: none;
  cursor: pointer;
}

.c2 {
  position: absolute;
  left: 50%;
  top: 50%;
  -webkit-transform: translate(-50%,-50%);
  -ms-transform: translate(-50%,-50%);
  transform: translate(-50%,-50%);
  border-radius: 50%;
  height: 2.5rem;
  width: 2.5rem;
}

.c3 {
  position: relative;
  display: -webkit-box;
  display: -webkit-flex;
  display: -ms-flexbox;
  display: flex;
  border: none;
  -webkit-box-pack: center;
  -webkit-justify-content: center;
  -ms-flex-pack: center;
  justify-content: center;
  -webkit-align-items: center;
  -webkit-box-align: center;
  -ms-flex-align: center;
  align-items: center;
  height: 2.75rem;
  width: 2.75rem;
  border-radius: 4px;
  background-color: #272727;
  padding: 0;
  -webkit-flex-shrink: 0;
  -ms-flex-negative: 0;
  flex-shrink: 0;
  overflow: hidden;
  cursor: pointer;
}

.c4 {
  position: absolute;
  width: 0.375rem;
  height: 0.375rem;
  top: 8px;
  right: 10px;
  background-color: #FEF200;
  border-radius: 50%;
}

.c0 {
  display: -webkit-box;
  display: -webkit-flex;
  display: -ms-flexbox;
  display: flex;
  -webkit-box-pack: justify;
  -webkit-justify-content: space-between;
  -ms-flex-pack: justify;
  justify-content: space-between;
}

<header
  className="c0"
>
  <button
    aria-label="Profile"
    className="c1"
  >
    <svg
      fill="none"
      height="44"
      viewBox="0 0 44 44"
      width="44"
      xmlns="http://www.w3.org/2000/svg"
    >
      <path
        d="M10.9607 4.12722C10.6726 3.66072 10.8162 3.04683 11.2952 2.78002C15.1869 0.612412 19.653 -0.326549 24.1028 0.100726C28.8826 0.559692 33.381 2.56987 36.9115 5.82449C40.442 9.07912 42.8108 13.3995 43.6563 18.1262C44.5018 22.853 43.7776 27.7266 41.5943 32.0033C39.4109 36.28 35.8883 39.7249 31.564 41.8124C27.2397 43.8998 22.3512 44.5152 17.6444 43.5645C12.9377 42.6139 8.67125 40.1494 5.49612 36.5472C2.54024 33.1938 0.681315 29.0257 0.154447 24.6024C0.0895963 24.0579 0.50259 23.5815 1.04942 23.5413C1.59625 23.5011 2.06963 23.9123 2.13691 24.4565C2.63042 28.4475 4.3164 32.206 6.98568 35.2343C9.87423 38.5113 13.7556 40.7534 18.0376 41.6182C22.3195 42.4831 26.7668 41.9233 30.7008 40.0242C34.6348 38.1251 37.8395 34.9911 39.8258 31.1004C41.8121 27.2097 42.4709 22.776 41.7017 18.4758C40.9325 14.1757 38.7775 10.2453 35.5657 7.28441C32.3538 4.32353 28.2614 2.49478 23.913 2.07724C19.8947 1.6914 15.8617 2.53022 12.3398 4.47128C11.8595 4.73594 11.2488 4.59372 10.9607 4.12722Z"
        fill="url(#paint0_linear_165_231)"
      />
      <defs>
        <linearGradient
          gradientUnits="userSpaceOnUse"
          id="paint0_linear_165_231"
          x1="40"
          x2="3"
          y1="17.3333"
          y2="3.33333"
        >
          <stop
            stopColor="#FFE31E"
          />
          <stop
            offset="1"
            stopColor="#EEFF00"
            stopOpacity="0"
          />
        </linearGradient>
      </defs>
    </svg>
    <img
      alt="Jane Doe's Avatar"
      className="c2"
      src="https://randomuser.me/api/portraits/women/90.jpg"
    />
  </button>
  <button
    aria-label="Notifications"
    className="c3"
    size="medium"
    type="button"
  >
    <svg
      fill="none"
      height="40"
      viewBox="0 0 40 40"
      width="40"
      xmlns="http://www.w3.org/2000/svg"
    >
      <path
        d="M14.4478 16.4694C14.7622 13.6403 17.1535 11.5 20 11.5V11.5C22.8465 11.5 25.2378 13.6403 25.5522 16.4694L25.804 18.7356C25.8072 18.7645 25.8088 18.779 25.8104 18.7933C25.9394 19.9169 26.3051 21.0005 26.8836 21.9725C26.8909 21.9849 26.8984 21.9973 26.9133 22.0222L27.4914 22.9856C28.0159 23.8599 28.2782 24.297 28.2216 24.6559C28.1839 24.8946 28.061 25.1117 27.8757 25.2668C27.5971 25.5 27.0873 25.5 26.0678 25.5H13.9322C12.9127 25.5 12.4029 25.5 12.1243 25.2668C11.939 25.1117 11.8161 24.8946 11.7784 24.6559C11.7218 24.297 11.9841 23.8599 12.5086 22.9856L13.0867 22.0222C13.1016 21.9973 13.1091 21.9849 13.1164 21.9725C13.6949 21.0005 14.0606 19.9169 14.1896 18.7933C14.1912 18.779 14.1928 18.7645 14.196 18.7356L14.4478 16.4694Z"
        stroke="#FFFFFF"
        strokeWidth="1.2"
      />
      <path
        d="M17.1022 25.9059C17.2731 26.6501 17.6498 27.3077 18.1737 27.7767C18.6976 28.2458 19.3396 28.5 20 28.5C20.6604 28.5 21.3024 28.2458 21.8263 27.7767C22.3502 27.3077 22.7269 26.6501 22.8978 25.9059"
        stroke="#FFFFFF"
        strokeLinecap="round"
        strokeWidth="1.2"
      />
    </svg>
    <span
      className="c4"
      data-testid="notifications-badge"
    />
  </button>
</header>
`;
